
> screeps@1.0.0 build
> rollup -c

node.exe : [36m
At C:\Program Files\n
odejs\npm.ps1:16 
char:5
+     & 
"$basedir/node$exe"  
"$basedir/node_module
s/npm/bin/npm-cli.js"
 ...
+     ~~~~~~~~~~~~~~~
~~~~~~~~~~~~~~~~~~~~~
~~~~~~~~~~~~~~~~~~~~~
~~~~~~~~
    + CategoryInfo   
           : NotSpe  
  cified: ([36m:S   
 tring) [], Remot    
eException
    + FullyQualified 
   ErrorId : Native  
  CommandError
 
[1msrc/main.ts[22m 
ΓåÆ [1mdist/main.js
[22m...[39m
[1m[33m(!) [plugin 
typescript] src/utils
.targeting.ts 
(1:26): @rollup/plugi
n-typescript TS1003: 
Identifier 
expected.[39m[22m
[1mC:/code/screeps/s
rc/utils.targeting.ts
:1:26[22m
[90m
[7m1[0m 
findUnreserved: 
function <T extends 
RoomObject>(
[7m [0m [91m      
                   
~[0m
[39m
[1m[33m(!) [plugin 
typescript] src/utils
.targeting.ts 
(47:1): @rollup/plugi
n-typescript TS1128: 
Declaration or 
statement 
expected.[39m[22m
[1mC:/code/screeps/s
rc/utils.targeting.ts
:47:1[22m
[90m
[7m47[0m };
[7m  [0m [91m~[0m
[39m
[1m[31m[!] 
[1mRollupError: src/
utils.targeting.ts 
(2:25): Expected 
ident (Note that you 
need plugins to 
import files that 
are not JavaScript)[
22m[1m[39m[22m
src/utils.targeting.t
s (2:25)
[2m1: "use strict";
2: findUnreserved: 
function (creep, 
type, filter = () => 
true) {
                     
       ^
3:     // Get all 
potential targets
4:     const 
potential = creep.roo
m.find(type, { 
filter: filter 
});[22m
[2m    at Object.get
RollupError (C:\code\
screeps\node_modules\
rollup\dist\shared\pa
rseAst.js:287:41)
    at ParseError.ini
tialise (C:\code\scre
eps\node_modules\roll
up\dist\shared\rollup
.js:16075:40)
    at convertNode (C
:\code\screeps\node_m
odules\rollup\dist\sh
ared\rollup.js:18047:
10)
    at 
convertProgram (C:\co
de\screeps\node_modul
es\rollup\dist\shared
\rollup.js:17287:12)
    at 
Module.setSource (C:\
code\screeps\node_mod
ules\rollup\dist\shar
ed\rollup.js:18995:24
)
    at async ModuleLo
ader.addModuleSource 
(C:\code\screeps\node
_modules\rollup\dist\
shared\rollup.js:2270
3:13)[22m
[2m  [cause] 
RollupError: 
Expected ident
      at Object.getRo
llupError (C:\code\sc
reeps\node_modules\ro
llup\dist\shared\pars
eAst.js:287:41)
      at ParseError.i
nitialise (C:\code\sc
reeps\node_modules\ro
llup\dist\shared\roll
up.js:16075:40)
      at convertNode 
(C:\code\screeps\node
_modules\rollup\dist\
shared\rollup.js:1804
7:10)
      at 
convertProgram (C:\co
de\screeps\node_modul
es\rollup\dist\shared
\rollup.js:17287:12)
      at 
Module.setSource (C:\
code\screeps\node_mod
ules\rollup\dist\shar
ed\rollup.js:18995:24
)
      at async Module
Loader.addModuleSourc
e (C:\code\screeps\no
de_modules\rollup\dis
t\shared\rollup.js:22
703:13)[22m


